// Jest Snapshot v1, https://goo.gl/fbAQLP

exports[`App renders correctly 1`] = `
<DocumentFragment>
  <div
    class="App"
  >
    <div
      class="navbar"
    >
      <img
        alt="estate-logo"
        class="logo"
        src="logo.png"
      />
      <ul
        class="navbar-links"
      >
        <li
          class="navbar-links-item"
        >
          <a
            class="item"
            href="/"
          >
            View Properties
          </a>
        </li>
        <li
          class="navbar-links-item"
        >
          <a
            class="item"
            href="/add-property"
          >
            Add a Property
          </a>
        </li>
      </ul>
    </div>
    <div>
      Properties Page
    </div>
  </div>
</DocumentFragment>
`;
